../USB_DEVICE/Target/usbd_conf.c:610:20:USBD_Get_USB_Status	0	static
../USB_DEVICE/Target/usbd_conf.c:65:6:HAL_PCD_MspInit	16	static
../USB_DEVICE/Target/usbd_conf.c:84:6:HAL_PCD_MspDeInit	8	static
../USB_DEVICE/Target/usbd_conf.c:111:6:HAL_PCD_SetupStageCallback	8	static
../USB_DEVICE/Target/usbd_conf.c:126:6:HAL_PCD_DataOutStageCallback	8	static
../USB_DEVICE/Target/usbd_conf.c:141:6:HAL_PCD_DataInStageCallback	8	static
../USB_DEVICE/Target/usbd_conf.c:155:6:HAL_PCD_SOFCallback	8	static
../USB_DEVICE/Target/usbd_conf.c:169:6:HAL_PCD_ResetCallback	16	static
../USB_DEVICE/Target/usbd_conf.c:194:6:HAL_PCD_SuspendCallback	8	static
../USB_DEVICE/Target/usbd_conf.c:218:6:HAL_PCD_ResumeCallback	8	static
../USB_DEVICE/Target/usbd_conf.c:241:6:HAL_PCD_ISOOUTIncompleteCallback	8	static
../USB_DEVICE/Target/usbd_conf.c:256:6:HAL_PCD_ISOINIncompleteCallback	8	static
../USB_DEVICE/Target/usbd_conf.c:270:6:HAL_PCD_ConnectCallback	8	static
../USB_DEVICE/Target/usbd_conf.c:284:6:HAL_PCD_DisconnectCallback	8	static
../USB_DEVICE/Target/usbd_conf.c:299:20:USBD_LL_Init	16	static
../USB_DEVICE/Target/usbd_conf.c:335:20:USBD_LL_DeInit	8	static
../USB_DEVICE/Target/usbd_conf.c:352:20:USBD_LL_Start	8	static
../USB_DEVICE/Target/usbd_conf.c:369:20:USBD_LL_Stop	8	static
../USB_DEVICE/Target/usbd_conf.c:389:20:USBD_LL_OpenEP	8	static
../USB_DEVICE/Target/usbd_conf.c:407:20:USBD_LL_CloseEP	8	static
../USB_DEVICE/Target/usbd_conf.c:425:20:USBD_LL_FlushEP	8	static
../USB_DEVICE/Target/usbd_conf.c:443:20:USBD_LL_StallEP	8	static
../USB_DEVICE/Target/usbd_conf.c:461:20:USBD_LL_ClearStallEP	8	static
../USB_DEVICE/Target/usbd_conf.c:479:9:USBD_LL_IsStallEP	0	static
../USB_DEVICE/Target/usbd_conf.c:499:20:USBD_LL_SetUSBAddress	8	static
../USB_DEVICE/Target/usbd_conf.c:519:20:USBD_LL_Transmit	8	static
../USB_DEVICE/Target/usbd_conf.c:539:20:USBD_LL_PrepareReceive	8	static
../USB_DEVICE/Target/usbd_conf.c:557:10:USBD_LL_GetRxDataSize	8	static
../USB_DEVICE/Target/usbd_conf.c:567:6:USBD_LL_Delay	8	static
../USB_DEVICE/Target/usbd_conf.c:577:7:USBD_static_malloc	0	static
../USB_DEVICE/Target/usbd_conf.c:588:6:USBD_static_free	0	static
