Archive member included to satisfy reference by file (symbol)

C:/ST/STM32CubeIDE_1.16.1/STM32CubeIDE/plugins/com.st.stm32cube.ide.mcu.externaltools.gnu-tools-for-stm32.12.3.rel1.win32_1.0.200.202406191623/tools/bin/../lib/gcc/arm-none-eabi/12.3.1/../../../../arm-none-eabi/lib/thumb/v6-m/nofp\libc_nano.a(libc_a-exit.o)
                              C:/ST/STM32CubeIDE_1.16.1/STM32CubeIDE/plugins/com.st.stm32cube.ide.mcu.externaltools.gnu-tools-for-stm32.12.3.rel1.win32_1.0.200.202406191623/tools/bin/../lib/gcc/arm-none-eabi/12.3.1/../../../../arm-none-eabi/lib/thumb/v6-m/nofp/crt0.o (exit)
C:/ST/STM32CubeIDE_1.16.1/STM32CubeIDE/plugins/com.st.stm32cube.ide.mcu.externaltools.gnu-tools-for-stm32.12.3.rel1.win32_1.0.200.202406191623/tools/bin/../lib/gcc/arm-none-eabi/12.3.1/../../../../arm-none-eabi/lib/thumb/v6-m/nofp\libc_nano.a(libc_a-findfp.o)
                              C:/ST/STM32CubeIDE_1.16.1/STM32CubeIDE/plugins/com.st.stm32cube.ide.mcu.externaltools.gnu-tools-for-stm32.12.3.rel1.win32_1.0.200.202406191623/tools/bin/../lib/gcc/arm-none-eabi/12.3.1/../../../../arm-none-eabi/lib/thumb/v6-m/nofp\libc_nano.a(libc_a-exit.o) (__stdio_exit_handler)
C:/ST/STM32CubeIDE_1.16.1/STM32CubeIDE/plugins/com.st.stm32cube.ide.mcu.externaltools.gnu-tools-for-stm32.12.3.rel1.win32_1.0.200.202406191623/tools/bin/../lib/gcc/arm-none-eabi/12.3.1/../../../../arm-none-eabi/lib/thumb/v6-m/nofp\libc_nano.a(libc_a-fwalk.o)
                              C:/ST/STM32CubeIDE_1.16.1/STM32CubeIDE/plugins/com.st.stm32cube.ide.mcu.externaltools.gnu-tools-for-stm32.12.3.rel1.win32_1.0.200.202406191623/tools/bin/../lib/gcc/arm-none-eabi/12.3.1/../../../../arm-none-eabi/lib/thumb/v6-m/nofp\libc_nano.a(libc_a-findfp.o) (_fwalk_sglue)
C:/ST/STM32CubeIDE_1.16.1/STM32CubeIDE/plugins/com.st.stm32cube.ide.mcu.externaltools.gnu-tools-for-stm32.12.3.rel1.win32_1.0.200.202406191623/tools/bin/../lib/gcc/arm-none-eabi/12.3.1/../../../../arm-none-eabi/lib/thumb/v6-m/nofp\libc_nano.a(libc_a-stdio.o)
                              C:/ST/STM32CubeIDE_1.16.1/STM32CubeIDE/plugins/com.st.stm32cube.ide.mcu.externaltools.gnu-tools-for-stm32.12.3.rel1.win32_1.0.200.202406191623/tools/bin/../lib/gcc/arm-none-eabi/12.3.1/../../../../arm-none-eabi/lib/thumb/v6-m/nofp\libc_nano.a(libc_a-findfp.o) (__sread)
C:/ST/STM32CubeIDE_1.16.1/STM32CubeIDE/plugins/com.st.stm32cube.ide.mcu.externaltools.gnu-tools-for-stm32.12.3.rel1.win32_1.0.200.202406191623/tools/bin/../lib/gcc/arm-none-eabi/12.3.1/../../../../arm-none-eabi/lib/thumb/v6-m/nofp\libc_nano.a(libc_a-memset.o)
                              C:/ST/STM32CubeIDE_1.16.1/STM32CubeIDE/plugins/com.st.stm32cube.ide.mcu.externaltools.gnu-tools-for-stm32.12.3.rel1.win32_1.0.200.202406191623/tools/bin/../lib/gcc/arm-none-eabi/12.3.1/../../../../arm-none-eabi/lib/thumb/v6-m/nofp/crt0.o (memset)
C:/ST/STM32CubeIDE_1.16.1/STM32CubeIDE/plugins/com.st.stm32cube.ide.mcu.externaltools.gnu-tools-for-stm32.12.3.rel1.win32_1.0.200.202406191623/tools/bin/../lib/gcc/arm-none-eabi/12.3.1/../../../../arm-none-eabi/lib/thumb/v6-m/nofp\libc_nano.a(libc_a-closer.o)
                              C:/ST/STM32CubeIDE_1.16.1/STM32CubeIDE/plugins/com.st.stm32cube.ide.mcu.externaltools.gnu-tools-for-stm32.12.3.rel1.win32_1.0.200.202406191623/tools/bin/../lib/gcc/arm-none-eabi/12.3.1/../../../../arm-none-eabi/lib/thumb/v6-m/nofp\libc_nano.a(libc_a-stdio.o) (_close_r)
C:/ST/STM32CubeIDE_1.16.1/STM32CubeIDE/plugins/com.st.stm32cube.ide.mcu.externaltools.gnu-tools-for-stm32.12.3.rel1.win32_1.0.200.202406191623/tools/bin/../lib/gcc/arm-none-eabi/12.3.1/../../../../arm-none-eabi/lib/thumb/v6-m/nofp\libc_nano.a(libc_a-reent.o)
                              C:/ST/STM32CubeIDE_1.16.1/STM32CubeIDE/plugins/com.st.stm32cube.ide.mcu.externaltools.gnu-tools-for-stm32.12.3.rel1.win32_1.0.200.202406191623/tools/bin/../lib/gcc/arm-none-eabi/12.3.1/../../../../arm-none-eabi/lib/thumb/v6-m/nofp\libc_nano.a(libc_a-closer.o) (errno)
C:/ST/STM32CubeIDE_1.16.1/STM32CubeIDE/plugins/com.st.stm32cube.ide.mcu.externaltools.gnu-tools-for-stm32.12.3.rel1.win32_1.0.200.202406191623/tools/bin/../lib/gcc/arm-none-eabi/12.3.1/../../../../arm-none-eabi/lib/thumb/v6-m/nofp\libc_nano.a(libc_a-impure.o)
                              C:/ST/STM32CubeIDE_1.16.1/STM32CubeIDE/plugins/com.st.stm32cube.ide.mcu.externaltools.gnu-tools-for-stm32.12.3.rel1.win32_1.0.200.202406191623/tools/bin/../lib/gcc/arm-none-eabi/12.3.1/../../../../arm-none-eabi/lib/thumb/v6-m/nofp\libc_nano.a(libc_a-reent.o) (_impure_ptr)
C:/ST/STM32CubeIDE_1.16.1/STM32CubeIDE/plugins/com.st.stm32cube.ide.mcu.externaltools.gnu-tools-for-stm32.12.3.rel1.win32_1.0.200.202406191623/tools/bin/../lib/gcc/arm-none-eabi/12.3.1/../../../../arm-none-eabi/lib/thumb/v6-m/nofp\libc_nano.a(libc_a-lseekr.o)
[...]
Memory Configuration

Name             Origin             Length             Attributes
RAM              0x20000000         0x00001800         xrw
FLASH            0x08000000         0x00004000         xr
*default*        0x00000000         0xffffffff

Linker script and memory map

LOAD C:/ST/STM32CubeIDE_1.16.1/STM32CubeIDE/plugins/com.st.stm32cube.ide.mcu.externaltools.gnu-tools-for-stm32.12.3.rel1.win32_1.0.200.202406191623/tools/bin/../lib/gcc/arm-none-eabi/12.3.1/thumb/v6-m/nofp/crti.o
LOAD C:/ST/STM32CubeIDE_1.16.1/STM32CubeIDE/plugins/com.st.stm32cube.ide.mcu.externaltools.gnu-tools-for-stm32.12.3.rel1.win32_1.0.200.202406191623/tools/bin/../lib/gcc/arm-none-eabi/12.3.1/thumb/v6-m/nofp/crtbegin.o
LOAD C:/ST/STM32CubeIDE_1.16.1/STM32CubeIDE/plugins/com.st.stm32cube.ide.mcu.externaltools.gnu-tools-for-stm32.12.3.rel1.win32_1.0.200.202406191623/tools/bin/../lib/gcc/arm-none-eabi/12.3.1/../../../../arm-none-eabi/lib/thumb/v6-m/nofp/crt0.o
LOAD ./Core/Src/main.o
LOAD ./Core/Src/stm32f0xx_hal_msp.o
LOAD ./Core/Src/stm32f0xx_it.o
LOAD ./Core/Src/syscalls.o
LOAD ./Core/Src/sysmem.o
LOAD ./Core/Src/system_stm32f0xx.o
LOAD ./Core/Startup/startup_stm32f042f4px.o
LOAD ./Drivers/STM32F0xx_HAL_Driver/Src/stm32f0xx_hal.o
LOAD ./Drivers/STM32F0xx_HAL_Driver/Src/stm32f0xx_hal_adc.o
LOAD ./Drivers/STM32F0xx_HAL_Driver/Src/stm32f0xx_hal_adc_ex.o
LOAD ./Drivers/STM32F0xx_HAL_Driver/Src/stm32f0xx_hal_cortex.o
LOAD ./Drivers/STM32F0xx_HAL_Driver/Src/stm32f0xx_hal_dma.o
LOAD ./Drivers/STM32F0xx_HAL_Driver/Src/stm32f0xx_hal_exti.o
LOAD ./Drivers/STM32F0xx_HAL_Driver/Src/stm32f0xx_hal_flash.o
LOAD ./Drivers/STM32F0xx_HAL_Driver/Src/stm32f0xx_hal_flash_ex.o
LOAD ./Drivers/STM32F0xx_HAL_Driver/Src/stm32f0xx_hal_gpio.o
LOAD ./Drivers/STM32F0xx_HAL_Driver/Src/stm32f0xx_hal_i2c.o
LOAD ./Drivers/STM32F0xx_HAL_Driver/Src/stm32f0xx_hal_i2c_ex.o
LOAD ./Drivers/STM32F0xx_HAL_Driver/Src/stm32f0xx_hal_pcd.o
LOAD ./Drivers/STM32F0xx_HAL_Driver/Src/stm32f0xx_hal_pcd_ex.o
LOAD ./Drivers/STM32F0xx_HAL_Driver/Src/stm32f0xx_hal_pwr.o
LOAD ./Drivers/STM32F0xx_HAL_Driver/Src/stm32f0xx_hal_pwr_ex.o
LOAD ./Drivers/STM32F0xx_HAL_Driver/Src/stm32f0xx_hal_rcc.o
LOAD ./Drivers/STM32F0xx_HAL_Driver/Src/stm32f0xx_hal_rcc_ex.o
LOAD ./Drivers/STM32F0xx_HAL_Driver/Src/stm32f0xx_hal_tim.o
LOAD ./Drivers/STM32F0xx_HAL_Driver/Src/stm32f0xx_hal_tim_ex.o
LOAD ./Drivers/STM32F0xx_HAL_Driver/Src/stm32f0xx_ll_usb.o
LOAD ./Middlewares/ST/STM32_USB_Device_Library/Class/CustomHID/Src/usbd_customhid.o
LOAD ./Middlewares/ST/STM32_USB_Device_Library/Core/Src/usbd_core.o
LOAD ./Middlewares/ST/STM32_USB_Device_Library/Core/Src/usbd_ctlreq.o
LOAD ./Middlewares/ST/STM32_USB_Device_Library/Core/Src/usbd_ioreq.o
LOAD ./USB_DEVICE/App/usb_device.o
LOAD ./USB_DEVICE/App/usbd_custom_hid_if.o
LOAD ./USB_DEVICE/App/usbd_desc.o
LOAD ./USB_DEVICE/Target/usbd_conf.o
START GROUP
LOAD C:/ST/STM32CubeIDE_1.16.1/STM32CubeIDE/plugins/com.st.stm32cube.ide.mcu.externaltools.gnu-tools-for-stm32.12.3.rel1.win32_1.0.200.202406191623/tools/bin/../lib/gcc/arm-none-eabi/12.3.1/../../../../arm-none-eabi/lib/thumb/v6-m/nofp\libc_nano.a
LOAD C:/ST/STM32CubeIDE_1.16.1/STM32CubeIDE/plugins/com.st.stm32cube.ide.mcu.externaltools.gnu-tools-for-stm32.12.3.rel1.win32_1.0.200.202406191623/tools/bin/../lib/gcc/arm-none-eabi/12.3.1/../../../../arm-none-eabi/lib/thumb/v6-m/nofp\libm.a
END GROUP
START GROUP
LOAD C:/ST/STM32CubeIDE_1.16.1/STM32CubeIDE/plugins/com.st.stm32cube.ide.mcu.externaltools.gnu-tools-for-stm32.12.3.rel1.win32_1.0.200.202406191623/tools/bin/../lib/gcc/arm-none-eabi/12.3.1/thumb/v6-m/nofp\libgcc.a
LOAD C:/ST/STM32CubeIDE_1.16.1/STM32CubeIDE/plugins/com.st.stm32cube.ide.mcu.externaltools.gnu-tools-for-stm32.12.3.rel1.win32_1.0.200.202406191623/tools/bin/../lib/gcc/arm-none-eabi/12.3.1/../../../../arm-none-eabi/lib/thumb/v6-m/nofp\libc_nano.a
END GROUP
START GROUP
LOAD C:/ST/STM32CubeIDE_1.16.1/STM32CubeIDE/plugins/com.st.stm32cube.ide.mcu.externaltools.gnu-tools-for-stm32.12.3.rel1.win32_1.0.200.202406191623/tools/bin/../lib/gcc/arm-none-eabi/12.3.1/thumb/v6-m/nofp\libgcc.a
LOAD C:/ST/STM32CubeIDE_1.16.1/STM32CubeIDE/plugins/com.st.stm32cube.ide.mcu.externaltools.gnu-tools-for-stm32.12.3.rel1.win32_1.0.200.202406191623/tools/bin/../lib/gcc/arm-none-eabi/12.3.1/../../../../arm-none-eabi/lib/thumb/v6-m/nofp\libc_nano.a
LOAD C:/ST/STM32CubeIDE_1.16.1/STM32CubeIDE/plugins/com.st.stm32cube.ide.mcu.externaltools.gnu-tools-for-stm32.12.3.rel1.win32_1.0.200.202406191623/tools/bin/../lib/gcc/arm-none-eabi/12.3.1/../../../../arm-none-eabi/lib/thumb/v6-m/nofp\libnosys.a
END GROUP
START GROUP
LOAD C:/ST/STM32CubeIDE_1.16.1/STM32CubeIDE/plugins/com.st.stm32cube.ide.mcu.externaltools.gnu-tools-for-stm32.12.3.rel1.win32_1.0.200.202406191623/tools/bin/../lib/gcc/arm-none-eabi/12.3.1/thumb/v6-m/nofp\libgcc.a
LOAD C:/ST/STM32CubeIDE_1.16.1/STM32CubeIDE/plugins/com.st.stm32cube.ide.mcu.externaltools.gnu-tools-for-stm32.12.3.rel1.win32_1.0.200.202406191623/tools/bin/../lib/gcc/arm-none-eabi/12.3.1/../../../../arm-none-eabi/lib/thumb/v6-m/nofp\libc_nano.a
LOAD C:/ST/STM32CubeIDE_1.16.1/STM32CubeIDE/plugins/com.st.stm32cube.ide.mcu.externaltools.gnu-tools-for-stm32.12.3.rel1.win32_1.0.200.202406191623/tools/bin/../lib/gcc/arm-none-eabi/12.3.1/../../../../arm-none-eabi/lib/thumb/v6-m/nofp\libnosys.a
END GROUP
LOAD C:/ST/STM32CubeIDE_1.16.1/STM32CubeIDE/plugins/com.st.stm32cube.ide.mcu.externaltools.gnu-tools-for-stm32.12.3.rel1.win32_1.0.200.202406191623/tools/bin/../lib/gcc/arm-none-eabi/12.3.1/thumb/v6-m/nofp/crtend.o
LOAD C:/ST/STM32CubeIDE_1.16.1/STM32CubeIDE/plugins/com.st.stm32cube.ide.mcu.externaltools.gnu-tools-for-stm32.12.3.rel1.win32_1.0.200.202406191623/tools/bin/../lib/gcc/arm-none-eabi/12.3.1/thumb/v6-m/nofp/crtn.o
                0x20001800                        _estack = (ORIGIN (RAM) + LENGTH (RAM))
                0x00000200                        _Min_Heap_Size = 0x200
                0x00000400                        _Min_Stack_Size = 0x400

.isr_vector     0x08000000       0xc0
                0x08000000                        . = ALIGN (0x4)
 *(.isr_vector)
 .isr_vector    0x08000000       0xc0 ./Core/Startup/startup_stm32f042f4px.o
                0x08000000                g_pfnVectors
                0x080000c0                        . = ALIGN (0x4)

.text           0x080000c0     0x3558
                0x080000c0                        . = ALIGN (0x4)
 *(.text)
 .text          0x080000c0       0x48 C:/ST/STM32CubeIDE_1.16.1/STM32CubeIDE/plugins/com.st.stm32cube.ide.mcu.externaltools.gnu-tools-for-stm32.12.3.rel1.win32_1.0.200.202406191623/tools/bin/../lib/gcc/arm-none-eabi/12.3.1/thumb/v6-m/nofp/crtbegin.o
 .text          0x08000108        0xe C:/ST/STM32CubeIDE_1.16.1/STM32CubeIDE/plugins/com.st.stm32cube.ide.mcu.externaltools.gnu-tools-for-stm32.12.3.rel1.win32_1.0.200.202406191623/tools/bin/../lib/gcc/arm-none-eabi/12.3.1/../../../../arm-none-eabi/lib/thumb/v6-m/nofp\libc_nano.a(libc_a-strlen.o)
                0x08000108                strlen
 *fill*         0x08000116        0x2 
 .text          0x08000118       0x14 C:/ST/STM32CubeIDE_1.16.1/STM32CubeIDE/plugins/com.st.stm32cube.ide.mcu.externaltools.gnu-tools-for-stm32.12.3.rel1.win32_1.0.200.202406191623/tools/bin/../lib/gcc/arm-none-eabi/12.3.1/thumb/v6-m/nofp\libgcc.a(_thumb1_case_uqi.o)
                0x08000118                __gnu_thumb1_case_uqi
 .text          0x0800012c       0x14 C:/ST/STM32CubeIDE_1.16.1/STM32CubeIDE/plugins/com.st.stm32cube.ide.mcu.externaltools.gnu-tools-for-stm32.12.3.rel1.win32_1.0.200.202406191623/tools/bin/../lib/gcc/arm-none-eabi/12.3.1/thumb/v6-m/nofp\libgcc.a(_thumb1_case_uhi.o)
                0x0800012c                __gnu_thumb1_case_uhi
 .text          0x08000140      0x114 C:/ST/STM32CubeIDE_1.16.1/STM32CubeIDE/plugins/com.st.stm32cube.ide.mcu.externaltools.gnu-tools-for-stm32.12.3.rel1.win32_1.0.200.202406191623/tools/bin/../lib/gcc/arm-none-eabi/12.3.1/thumb/v6-m/nofp\libgcc.a(_udivsi3.o)
                0x08000140                __aeabi_uidiv
                0x08000140                __udivsi3
                0x0800024c                __aeabi_uidivmod
 .text          0x08000254      0x1d4 C:/ST/STM32CubeIDE_1.16.1/STM32CubeIDE/plugins/com.st.stm32cube.ide.mcu.externaltools.gnu-tools-for-stm32.12.3.rel1.win32_1.0.200.202406191623/tools/bin/../lib/gcc/arm-none-eabi/12.3.1/thumb/v6-m/nofp\libgcc.a(_divsi3.o)
                0x08000254                __divsi3
                0x08000254                __aeabi_idiv
                0x08000420                __aeabi_idivmod
 .text          0x08000428        0x4 C:/ST/STM32CubeIDE_1.16.1/STM32CubeIDE/plugins/com.st.stm32cube.ide.mcu.externaltools.gnu-tools-for-stm32.12.3.rel1.win32_1.0.200.202406191623/tools/bin/../lib/gcc/arm-none-eabi/12.3.1/thumb/v6-m/nofp\libgcc.a(_dvmd_tls.o)
                0x08000428                __aeabi_idiv0
                0x08000428                __aeabi_ldiv0
 .text          0x0800042c       0x18 C:/ST/STM32CubeIDE_1.16.1/STM32CubeIDE/plugins/com.st.stm32cube.ide.mcu.externaltools.gnu-tools-for-stm32.12.3.rel1.win32_1.0.200.202406191623/tools/bin/../lib/gcc/arm-none-eabi/12.3.1/thumb/v6-m/nofp\libgcc.a(_lshrdi3.o)
                0x0800042c                __lshrdi3
                0x0800042c                __aeabi_llsr
 .text          0x08000444       0x18 C:/ST/STM32CubeIDE_1.16.1/STM32CubeIDE/plugins/com.st.stm32cube.ide.mcu.externaltools.gnu-tools-for-stm32.12.3.rel1.win32_1.0.200.202406191623/tools/bin/../lib/gcc/arm-none-eabi/12.3.1/thumb/v6-m/nofp\libgcc.a(_ashldi3.o)
                0x08000444                __aeabi_llsl
                0x08000444                __ashldi3
 *(.text*)
 .text.SystemClock_Config
                0x0800045c       0x6e ./Core/Src/main.o
                0x0800045c                SystemClock_Config
 *fill*         0x080004ca        0x2 
 .text.startup.main
                0x080004cc      0x4b0 ./Core/Src/main.o
                0x080004cc                main
 .text.Error_Handler
                0x0800097c        0x4 ./Core/Src/main.o
                0x0800097c                Error_Handler
 .text.HAL_MspInit
                0x08000980       0x3c ./Core/Src/stm32f0xx_hal_msp.o
                0x08000980                HAL_MspInit
 .text.HAL_ADC_MspInit
                0x080009bc       0x94 ./Core/Src/stm32f0xx_hal_msp.o
                0x080009bc                HAL_ADC_MspInit
 .text.HAL_TIM_Base_MspInit
                0x08000a50       0x2c ./Core/Src/stm32f0xx_hal_msp.o
                0x08000a50                HAL_TIM_Base_MspInit
 .text.NMI_Handler
                0x08000a7c        0x2 ./Core/Src/stm32f0xx_it.o
                0x08000a7c                NMI_Handler
 .text.HardFault_Handler
                0x08000a7e        0x2 ./Core/Src/stm32f0xx_it.o
                0x08000a7e                HardFault_Handler
 .text.SVC_Handler
                0x08000a80        0x2 ./Core/Src/stm32f0xx_it.o
                0x08000a80                SVC_Handler
 .text.PendSV_Handler
                0x08000a82        0x2 ./Core/Src/stm32f0xx_it.o
                0x08000a82                PendSV_Handler
 .text.SysTick_Handler
                0x08000a84        0x8 ./Core/Src/stm32f0xx_it.o
                0x08000a84                SysTick_Handler
 .text.DMA1_Channel1_IRQHandler
                0x08000a8c       0x10 ./Core/Src/stm32f0xx_it.o
                0x08000a8c                DMA1_Channel1_IRQHandler
 .text.USB_IRQHandler
                0x08000a9c       0x10 ./Core/Src/stm32f0xx_it.o
                0x08000a9c                USB_IRQHandler
 .text.SystemInit
                0x08000aac        0x2 ./Core/Src/system_stm32f0xx.o
                0x08000aac                SystemInit
 *fill*         0x08000aae        0x2 
 .text.Reset_Handler
                0x08000ab0       0x80 ./Core/Startup/startup_stm32f042f4px.o
                0x08000ab0                Reset_Handler
 .text.Default_Handler
                0x08000b30        0x2 ./Core/Startup/startup_stm32f042f4px.o
                0x08000b30                TIM1_CC_IRQHandler
                0x08000b30                TSC_IRQHandler
                0x08000b30                I2C1_IRQHandler
                0x08000b30                RCC_CRS_IRQHandler
                0x08000b30                SPI1_IRQHandler
                0x08000b30                EXTI2_3_IRQHandler
                0x08000b30                ADC1_IRQHandler
                0x08000b30                TIM17_IRQHandler
                0x08000b30                CEC_CAN_IRQHandler
                0x08000b30                RTC_IRQHandler
                0x08000b30                PVD_VDDIO2_IRQHandler
                0x08000b30                TIM16_IRQHandler
                0x08000b30                TIM3_IRQHandler
                0x08000b30                EXTI4_15_IRQHandler
                0x08000b30                Default_Handler
                0x08000b30                TIM14_IRQHandler
                0x08000b30                DMA1_Channel4_5_IRQHandler
                0x08000b30                EXTI0_1_IRQHandler
                0x08000b30                SPI2_IRQHandler
                0x08000b30                WWDG_IRQHandler
                0x08000b30                TIM2_IRQHandler
                0x08000b30                DMA1_Channel2_3_IRQHandler
                0x08000b30                USART2_IRQHandler
                0x08000b30                FLASH_IRQHandler
                0x08000b30                USART1_IRQHandler
                0x08000b30                TIM1_BRK_UP_TRG_COM_IRQHandler
 *fill*         0x08000b32        0x2 
 .text.HAL_InitTick
                0x08000b34       0x48 ./Drivers/STM32F0xx_HAL_Driver/Src/stm32f0xx_hal.o
                0x08000b34                HAL_InitTick
 .text.HAL_Init
                0x08000b7c       0x20 ./Drivers/STM32F0xx_HAL_Driver/Src/stm32f0xx_hal.o
                0x08000b7c                HAL_Init
 .text.HAL_IncTick
                0x08000b9c       0x18 ./Drivers/STM32F0xx_HAL_Driver/Src/stm32f0xx_hal.o
                0x08000b9c                HAL_IncTick
 .text.HAL_GetTick
                0x08000bb4        0xc ./Drivers/STM32F0xx_HAL_Driver/Src/stm32f0xx_hal.o
                0x08000bb4                HAL_GetTick
 .text.ADC_Enable.constprop.0
                0x08000bc0       0xa0 ./Drivers/STM32F0xx_HAL_Driver/Src/stm32f0xx_hal_adc.o
 .text.HAL_ADC_Init
                0x08000c60      0x144 ./Drivers/STM32F0xx_HAL_Driver/Src/stm32f0xx_hal_adc.o
                0x08000c60                HAL_ADC_Init
 .text.HAL_ADC_Start_DMA
                0x08000da4       0x94 ./Drivers/STM32F0xx_HAL_Driver/Src/stm32f0xx_hal_adc.o
                0x08000da4                HAL_ADC_Start_DMA
 .text.HAL_ADC_ConvCpltCallback
                0x08000e38        0x2 ./Drivers/STM32F0xx_HAL_Driver/Src/stm32f0xx_hal_adc.o
                0x08000e38                HAL_ADC_ConvCpltCallback
 *fill*         0x08000e3a        0x2 
 .text.ADC_DMAConvCplt
                0x08000e3c       0x70 ./Drivers/STM32F0xx_HAL_Driver/Src/stm32f0xx_hal_adc.o
 .text.HAL_ADC_ConvHalfCpltCallback
                0x08000eac        0x2 ./Drivers/STM32F0xx_HAL_Driver/Src/stm32f0xx_hal_adc.o
                0x08000eac                HAL_ADC_ConvHalfCpltCallback
 .text.ADC_DMAHalfConvCplt
                0x08000eae        0xa ./Drivers/STM32F0xx_HAL_Driver/Src/stm32f0xx_hal_adc.o
 .text.HAL_ADC_ErrorCallback
                0x08000eb8        0x2 ./Drivers/STM32F0xx_HAL_Driver/Src/stm32f0xx_hal_adc.o
                0x08000eb8                HAL_ADC_ErrorCallback
 .text.ADC_DMAError
                0x08000eba       0x1a ./Drivers/STM32F0xx_HAL_Driver/Src/stm32f0xx_hal_adc.o
 .text.HAL_ADC_ConfigChannel
                0x08000ed4      0x108 ./Drivers/STM32F0xx_HAL_Driver/Src/stm32f0xx_hal_adc.o
                0x08000ed4                HAL_ADC_ConfigChannel
 .text.HAL_NVIC_SetPriority
                0x08000fdc       0x54 ./Drivers/STM32F0xx_HAL_Driver/Src/stm32f0xx_hal_cortex.o
                0x08000fdc                HAL_NVIC_SetPriority
 .text.HAL_NVIC_EnableIRQ
                0x08001030       0x18 ./Drivers/STM32F0xx_HAL_Driver/Src/stm32f0xx_hal_cortex.o
                0x08001030                HAL_NVIC_EnableIRQ
 .text.HAL_SYSTICK_Config
                0x08001048       0x34 ./Drivers/STM32F0xx_HAL_Driver/Src/stm32f0xx_hal_cortex.o
                0x08001048                HAL_SYSTICK_Config
 .text.HAL_DMA_Init
                0x0800107c       0x64 ./Drivers/STM32F0xx_HAL_Driver/Src/stm32f0xx_hal_dma.o
                0x0800107c                HAL_DMA_Init
 .text.HAL_DMA_Start_IT
                0x080010e0       0x78 ./Drivers/STM32F0xx_HAL_Driver/Src/stm32f0xx_hal_dma.o
                0x080010e0                HAL_DMA_Start_IT
 .text.HAL_DMA_IRQHandler
                0x08001158       0x92 ./Drivers/STM32F0xx_HAL_Driver/Src/stm32f0xx_hal_dma.o
                0x08001158                HAL_DMA_IRQHandler
 *fill*         0x080011ea        0x2 
 .text.HAL_GPIO_Init
                0x080011ec      0x164 ./Drivers/STM32F0xx_HAL_Driver/Src/stm32f0xx_hal_gpio.o
                0x080011ec                HAL_GPIO_Init
 .text.HAL_GPIO_WritePin
                0x08001350        0xc ./Drivers/STM32F0xx_HAL_Driver/Src/stm32f0xx_hal_gpio.o
                0x08001350                HAL_GPIO_WritePin
 .text.HAL_PCD_Init
                0x0800135c       0xd8 ./Drivers/STM32F0xx_HAL_Driver/Src/stm32f0xx_hal_pcd.o
                0x0800135c                HAL_PCD_Init
 .text.HAL_PCD_Start
                0x08001434       0x26 ./Drivers/STM32F0xx_HAL_Driver/Src/stm32f0xx_hal_pcd.o
                0x08001434                HAL_PCD_Start
 .text.HAL_PCD_SetAddress
                0x0800145a       0x24 ./Drivers/STM32F0xx_HAL_Driver/Src/stm32f0xx_hal_pcd.o
                0x0800145a                HAL_PCD_SetAddress
 *fill*         0x0800147e        0x2 
 .text.HAL_PCD_IRQHandler
                0x08001480      0x464 ./Drivers/STM32F0xx_HAL_Driver/Src/stm32f0xx_hal_pcd.o
                0x08001480                HAL_PCD_IRQHandler
 .text.HAL_PCD_EP_Open
                0x080018e4       0x5a ./Drivers/STM32F0xx_HAL_Driver/Src/stm32f0xx_hal_pcd.o
                0x080018e4                HAL_PCD_EP_Open
 .text.HAL_PCD_EP_Close
                0x0800193e       0x4e ./Drivers/STM32F0xx_HAL_Driver/Src/stm32f0xx_hal_pcd.o
                0x0800193e                HAL_PCD_EP_Close
 .text.HAL_PCD_EP_Receive
                0x0800198c       0x40 ./Drivers/STM32F0xx_HAL_Driver/Src/stm32f0xx_hal_pcd.o
                0x0800198c                HAL_PCD_EP_Receive
 .text.HAL_PCD_EP_Transmit
                0x080019cc       0x3a ./Drivers/STM32F0xx_HAL_Driver/Src/stm32f0xx_hal_pcd.o
                0x080019cc                HAL_PCD_EP_Transmit
 .text.HAL_PCD_EP_SetStall
                0x08001a06       0x58 ./Drivers/STM32F0xx_HAL_Driver/Src/stm32f0xx_hal_pcd.o
                0x08001a06                HAL_PCD_EP_SetStall
 .text.HAL_PCD_EP_ClrStall
                0x08001a5e       0x5c ./Drivers/STM32F0xx_HAL_Driver/Src/stm32f0xx_hal_pcd.o
                0x08001a5e                HAL_PCD_EP_ClrStall
 .text.HAL_PCDEx_PMAConfig
                0x08001aba       0x2a ./Drivers/STM32F0xx_HAL_Driver/Src/stm32f0xx_hal_pcd_ex.o
                0x08001aba                HAL_PCDEx_PMAConfig
 .text.HAL_PCDEx_ActivateLPM
                0x08001ae4       0x28 ./Drivers/STM32F0xx_HAL_Driver/Src/stm32f0xx_hal_pcd_ex.o
                0x08001ae4                HAL_PCDEx_ActivateLPM
 .text.HAL_PCDEx_LPM_Callback
                0x08001b0c        0x2 ./Drivers/STM32F0xx_HAL_Driver/Src/stm32f0xx_hal_pcd_ex.o
                0x08001b0c                HAL_PCDEx_LPM_Callback
 *fill*         0x08001b0e        0x2 
 .text.HAL_RCC_OscConfig
                0x08001b10      0x4a0 ./Drivers/STM32F0xx_HAL_Driver/Src/stm32f0xx_hal_rcc.o
                0x08001b10                HAL_RCC_OscConfig
 .text.HAL_RCC_GetSysClockFreq
                0x08001fb0       0x6c ./Drivers/STM32F0xx_HAL_Driver/Src/stm32f0xx_hal_rcc.o
                0x08001fb0                HAL_RCC_GetSysClockFreq
 .text.HAL_RCC_ClockConfig
                0x0800201c      0x114 ./Drivers/STM32F0xx_HAL_Driver/Src/stm32f0xx_hal_rcc.o
                0x0800201c                HAL_RCC_ClockConfig
 .text.HAL_RCCEx_PeriphCLKConfig
                0x08002130      0x130 ./Drivers/STM32F0xx_HAL_Driver/Src/stm32f0xx_hal_rcc_ex.o
                0x08002130                HAL_RCCEx_PeriphCLKConfig
 .text.HAL_TIM_Base_Start
                0x08002260       0x50 ./Drivers/STM32F0xx_HAL_Driver/Src/stm32f0xx_hal_tim.o
                0x08002260                HAL_TIM_Base_Start
 .text.TIM_Base_SetConfig
                0x080022b0       0x90 ./Drivers/STM32F0xx_HAL_Driver/Src/stm32f0xx_hal_tim.o
                0x080022b0                TIM_Base_SetConfig
 .text.HAL_TIM_Base_Init
                0x08002340       0x50 ./Drivers/STM32F0xx_HAL_Driver/Src/stm32f0xx_hal_tim.o
                0x08002340                HAL_TIM_Base_Init
 .text.USB_EnableGlobalInt
                0x08002390       0x14 ./Drivers/STM32F0xx_HAL_Driver/Src/stm32f0xx_ll_usb.o
                0x08002390                USB_EnableGlobalInt
 .text.USB_DisableGlobalInt
                0x080023a4       0x14 ./Drivers/STM32F0xx_HAL_Driver/Src/stm32f0xx_ll_usb.o
                0x080023a4                USB_DisableGlobalInt
 .text.USB_DevInit
                0x080023b8       0x26 ./Drivers/STM32F0xx_HAL_Driver/Src/stm32f0xx_ll_usb.o
                0x080023b8                USB_DevInit
 *fill*         0x080023de        0x2 
 .text.USB_ActivateEndpoint
                0x080023e0      0x160 ./Drivers/STM32F0xx_HAL_Driver/Src/stm32f0xx_ll_usb.o
                0x080023e0                USB_ActivateEndpoint
 .text.USB_DeactivateEndpoint
                0x08002540       0x70 ./Drivers/STM32F0xx_HAL_Driver/Src/stm32f0xx_ll_usb.o
                0x08002540                USB_DeactivateEndpoint
 .text.USB_EPSetStall
                0x080025b0       0x40 ./Drivers/STM32F0xx_HAL_Driver/Src/stm32f0xx_ll_usb.o
                0x080025b0                USB_EPSetStall
 .text.USB_EPClearStall
                0x080025f0       0x74 ./Drivers/STM32F0xx_HAL_Driver/Src/stm32f0xx_ll_usb.o
                0x080025f0                USB_EPClearStall
 .text.USB_SetDevAddress
                0x08002664        0xe ./Drivers/STM32F0xx_HAL_Driver/Src/stm32f0xx_ll_usb.o
                0x08002664                USB_SetDevAddress
 .text.USB_DevConnect
                0x08002672       0x10 ./Drivers/STM32F0xx_HAL_Driver/Src/stm32f0xx_ll_usb.o
                0x08002672                USB_DevConnect
 .text.USB_ReadInterrupts
                0x08002682        0x8 ./Drivers/STM32F0xx_HAL_Driver/Src/stm32f0xx_ll_usb.o
                0x08002682                USB_ReadInterrupts
 .text.USB_WritePMA
                0x0800268a       0x2a ./Drivers/STM32F0xx_HAL_Driver/Src/stm32f0xx_ll_usb.o
                0x0800268a                USB_WritePMA
 .text.USB_EPStartXfer
                0x080026b4       0xf4 ./Drivers/STM32F0xx_HAL_Driver/Src/stm32f0xx_ll_usb.o
                0x080026b4                USB_EPStartXfer
 .text.USB_ReadPMA
                0x080027a8       0x36 ./Drivers/STM32F0xx_HAL_Driver/Src/stm32f0xx_ll_usb.o
                0x080027a8                USB_ReadPMA
 *fill*         0x080027de        0x2 
 .text.USBD_CUSTOM_HID_GetFSCfgDesc
                0x080027e0        0xc ./Middlewares/ST/STM32_USB_Device_Library/Class/CustomHID/Src/usbd_customhid.o
 .text.USBD_CUSTOM_HID_GetHSCfgDesc
                0x080027ec        0xc ./Middlewares/ST/STM32_USB_Device_Library/Class/CustomHID/Src/usbd_customhid.o
 .text.USBD_CUSTOM_HID_GetOtherSpeedCfgDesc
                0x080027f8        0xc ./Middlewares/ST/STM32_USB_Device_Library/Class/CustomHID/Src/usbd_customhid.o
 .text.USBD_CUSTOM_HID_DataIn
                0x08002804        0xc ./Middlewares/ST/STM32_USB_Device_Library/Class/CustomHID/Src/usbd_customhid.o
 .text.USBD_CUSTOM_HID_EP0_RxReady
                0x08002810       0x26 ./Middlewares/ST/STM32_USB_Device_Library/Class/CustomHID/Src/usbd_customhid.o
 *fill*         0x08002836        0x2 
 .text.USBD_CUSTOM_HID_GetDeviceQualifierDesc
                0x08002838        0xc ./Middlewares/ST/STM32_USB_Device_Library/Class/CustomHID/Src/usbd_customhid.o
 .text.USBD_CUSTOM_HID_DataOut
                0x08002844       0x26 ./Middlewares/ST/STM32_USB_Device_Library/Class/CustomHID/Src/usbd_customhid.o
 *fill*         0x0800286a        0x2 
 .text.USBD_CUSTOM_HID_Setup
                0x0800286c       0xf8 ./Middlewares/ST/STM32_USB_Device_Library/Class/CustomHID/Src/usbd_customhid.o
 .text.USBD_CUSTOM_HID_DeInit
                0x08002964       0x3c ./Middlewares/ST/STM32_USB_Device_Library/Class/CustomHID/Src/usbd_customhid.o
 .text.USBD_CUSTOM_HID_Init
                0x080029a0       0x54 ./Middlewares/ST/STM32_USB_Device_Library/Class/CustomHID/Src/usbd_customhid.o
 .text.USBD_CUSTOM_HID_SendReport
                0x080029f4       0x30 ./Middlewares/ST/STM32_USB_Device_Library/Class/CustomHID/Src/usbd_customhid.o
                0x080029f4                USBD_CUSTOM_HID_SendReport
 .text.USBD_CUSTOM_HID_RegisterInterface
                0x08002a24       0x12 ./Middlewares/ST/STM32_USB_Device_Library/Class/CustomHID/Src/usbd_customhid.o
                0x08002a24                USBD_CUSTOM_HID_RegisterInterface
 .text.USBD_Init
                0x08002a36       0x34 ./Middlewares/ST/STM32_USB_Device_Library/Core/Src/usbd_core.o
                0x08002a36                USBD_Init
 .text.USBD_RegisterClass
                0x08002a6a       0x12 ./Middlewares/ST/STM32_USB_Device_Library/Core/Src/usbd_core.o
                0x08002a6a                USBD_RegisterClass
 .text.USBD_Start
                0x08002a7c        0xa ./Middlewares/ST/STM32_USB_Device_Library/Core/Src/usbd_core.o
                0x08002a7c                USBD_Start
 .text.USBD_SetClassConfig
                0x08002a86       0x1c ./Middlewares/ST/STM32_USB_Device_Library/Core/Src/usbd_core.o
                0x08002a86                USBD_SetClassConfig
 .text.USBD_ClrClassConfig
                0x08002aa2       0x10 ./Middlewares/ST/STM32_USB_Device_Library/Core/Src/usbd_core.o
                0x08002aa2                USBD_ClrClassConfig
 *fill*         0x08002ab2        0x2 
 .text.USBD_LL_SetupStage
                0x08002ab4       0x64 ./Middlewares/ST/STM32_USB_Device_Library/Core/Src/usbd_core.o
                0x08002ab4                USBD_LL_SetupStage
 .text.USBD_LL_DataOutStage
                0x08002b18       0x86 ./Middlewares/ST/STM32_USB_Device_Library/Core/Src/usbd_core.o
                0x08002b18                USBD_LL_DataOutStage
 .text.USBD_LL_DataInStage
                0x08002b9e       0xc8 ./Middlewares/ST/STM32_USB_Device_Library/Core/Src/usbd_core.o
                0x08002b9e                USBD_LL_DataInStage
 .text.USBD_LL_Reset
                0x08002c66       0x54 ./Middlewares/ST/STM32_USB_Device_Library/Core/Src/usbd_core.o
                0x08002c66                USBD_LL_Reset
 .text.USBD_LL_SetSpeed
                0x08002cba        0x6 ./Middlewares/ST/STM32_USB_Device_Library/Core/Src/usbd_core.o
                0x08002cba                USBD_LL_SetSpeed
 .text.USBD_LL_Suspend
                0x08002cc0       0x18 ./Middlewares/ST/STM32_USB_Device_Library/Core/Src/usbd_core.o
                0x08002cc0                USBD_LL_Suspend
 .text.USBD_LL_Resume
                0x08002cd8       0x18 ./Middlewares/ST/STM32_USB_Device_Library/Core/Src/usbd_core.o
                0x08002cd8                USBD_LL_Resume
 .text.USBD_LL_SOF
                0x08002cf0       0x1e ./Middlewares/ST/STM32_USB_Device_Library/Core/Src/usbd_core.o
                0x08002cf0                USBD_LL_SOF
 .text.USBD_CtlError.constprop.0
                0x08002d0e       0x14 ./Middlewares/ST/STM32_USB_Device_Library/Core/Src/usbd_ctlreq.o
 *fill*         0x08002d22        0x2 
 .text.USBD_StdDevReq
                0x08002d24      0x26c ./Middlewares/ST/STM32_USB_Device_Library/Core/Src/usbd_ctlreq.o
                0x08002d24                USBD_StdDevReq
 .text.USBD_StdItfReq
                0x08002f90       0x50 ./Middlewares/ST/STM32_USB_Device_Library/Core/Src/usbd_ctlreq.o
                0x08002f90                USBD_StdItfReq
 .text.USBD_StdEPReq
                0x08002fe0      0x124 ./Middlewares/ST/STM32_USB_Device_Library/Core/Src/usbd_ctlreq.o
                0x08002fe0                USBD_StdEPReq
 .text.USBD_ParseSetupRequest
                0x08003104       0x28 ./Middlewares/ST/STM32_USB_Device_Library/Core/Src/usbd_ctlreq.o
                0x08003104                USBD_ParseSetupRequest
 .text.USBD_CtlError
                0x0800312c       0x14 ./Middlewares/ST/STM32_USB_Device_Library/Core/Src/usbd_ctlreq.o
                0x0800312c                USBD_CtlError
 .text.USBD_GetString
                0x08003140       0x3a ./Middlewares/ST/STM32_USB_Device_Library/Core/Src/usbd_ctlreq.o
                0x08003140                USBD_GetString
 .text.USBD_CtlSendData
                0x0800317a       0x1c ./Middlewares/ST/STM32_USB_Device_Library/Core/Src/usbd_ioreq.o
                0x0800317a                USBD_CtlSendData
 .text.USBD_CtlContinueSendData
                0x08003196       0x10 ./Middlewares/ST/STM32_USB_Device_Library/Core/Src/usbd_ioreq.o
                0x08003196                USBD_CtlContinueSendData
 .text.USBD_CtlPrepareRx
                0x080031a6       0x20 ./Middlewares/ST/STM32_USB_Device_Library/Core/Src/usbd_ioreq.o
                0x080031a6                USBD_CtlPrepareRx
 .text.USBD_CtlContinueRx
                0x080031c6       0x10 ./Middlewares/ST/STM32_USB_Device_Library/Core/Src/usbd_ioreq.o
                0x080031c6                USBD_CtlContinueRx
 .text.USBD_CtlSendStatus
                0x080031d6       0x18 ./Middlewares/ST/STM32_USB_Device_Library/Core/Src/usbd_ioreq.o
                0x080031d6                USBD_CtlSendStatus
 .text.USBD_CtlReceiveStatus
                0x080031ee       0x18 ./Middlewares/ST/STM32_USB_Device_Library/Core/Src/usbd_ioreq.o
                0x080031ee                USBD_CtlReceiveStatus
 *fill*         0x08003206        0x2 
 .text.MX_USB_DEVICE_Init
                0x08003208       0x58 ./USB_DEVICE/App/usb_device.o
                0x08003208                MX_USB_DEVICE_Init
 .text.CUSTOM_HID_Init_FS
                0x08003260        0x4 ./USB_DEVICE/App/usbd_custom_hid_if.o
 .text.CUSTOM_HID_OutEvent_FS
                0x08003264        0x4 ./USB_DEVICE/App/usbd_custom_hid_if.o
 .text.CUSTOM_HID_DeInit_FS
                0x08003268        0x4 ./USB_DEVICE/App/usbd_custom_hid_if.o
 .text.USBD_FS_DeviceDescriptor
                0x0800326c        0xc ./USB_DEVICE/App/usbd_desc.o
                0x0800326c                USBD_FS_DeviceDescriptor
 .text.USBD_FS_LangIDStrDescriptor
                0x08003278        0xc ./USB_DEVICE/App/usbd_desc.o
                0x08003278                USBD_FS_LangIDStrDescriptor
 .text.IntToUnicode
                0x08003284       0x26 ./USB_DEVICE/App/usbd_desc.o
 *fill*         0x080032aa        0x2 
 .text.USBD_FS_SerialStrDescriptor
                0x080032ac       0x48 ./USB_DEVICE/App/usbd_desc.o
                0x080032ac                USBD_FS_SerialStrDescriptor
 .text.USBD_FS_ManufacturerStrDescriptor
                0x080032f4       0x1c ./USB_DEVICE/App/usbd_desc.o
                0x080032f4                USBD_FS_ManufacturerStrDescriptor
 .text.USBD_FS_ProductStrDescriptor
                0x08003310       0x1c ./USB_DEVICE/App/usbd_desc.o
                0x08003310                USBD_FS_ProductStrDescriptor
 .text.USBD_FS_ConfigStrDescriptor
                0x0800332c       0x1c ./USB_DEVICE/App/usbd_desc.o
                0x0800332c                USBD_FS_ConfigStrDescriptor
 .text.USBD_FS_InterfaceStrDescriptor
                0x08003348       0x1c ./USB_DEVICE/App/usbd_desc.o
                0x08003348                USBD_FS_InterfaceStrDescriptor
 .text.USBD_Get_USB_Status
                0x08003364        0xe ./USB_DEVICE/Target/usbd_conf.o
 *fill*         0x08003372        0x2 
 .text.HAL_PCD_MspInit
                0x08003374       0x38 ./USB_DEVICE/Target/usbd_conf.o
                0x08003374                HAL_PCD_MspInit
 .text.HAL_PCD_SetupStageCallback
                0x080033ac       0x12 ./USB_DEVICE/Target/usbd_conf.o
                0x080033ac                HAL_PCD_SetupStageCallback
 .text.HAL_PCD_DataOutStageCallback
                0x080033be       0x1a ./USB_DEVICE/Target/usbd_conf.o
                0x080033be                HAL_PCD_DataOutStageCallback
 .text.HAL_PCD_DataInStageCallback
                0x080033d8       0x16 ./USB_DEVICE/Target/usbd_conf.o
                0x080033d8                HAL_PCD_DataInStageCallback
 .text.HAL_PCD_SOFCallback
                0x080033ee        0xe ./USB_DEVICE/Target/usbd_conf.o
                0x080033ee                HAL_PCD_SOFCallback
 .text.HAL_PCD_ResetCallback
                0x080033fc       0x22 ./USB_DEVICE/Target/usbd_conf.o
                0x080033fc                HAL_PCD_ResetCallback
 *fill*         0x0800341e        0x2 
 .text.HAL_PCD_SuspendCallback
                0x08003420       0x24 ./USB_DEVICE/Target/usbd_conf.o
                0x08003420                HAL_PCD_SuspendCallback
 .text.HAL_PCD_ResumeCallback
                0x08003444       0x28 ./USB_DEVICE/Target/usbd_conf.o
                0x08003444                HAL_PCD_ResumeCallback
 .text.USBD_LL_Init
                0x0800346c       0x70 ./USB_DEVICE/Target/usbd_conf.o
                0x0800346c                USBD_LL_Init
 .text.USBD_LL_Start
                0x080034dc       0x12 ./USB_DEVICE/Target/usbd_conf.o
                0x080034dc                USBD_LL_Start
 .text.USBD_LL_OpenEP
                0x080034ee       0x18 ./USB_DEVICE/Target/usbd_conf.o
                0x080034ee                USBD_LL_OpenEP
 .text.USBD_LL_CloseEP
                0x08003506       0x12 ./USB_DEVICE/Target/usbd_conf.o
                0x08003506                USBD_LL_CloseEP
 .text.USBD_LL_StallEP
                0x08003518       0x12 ./USB_DEVICE/Target/usbd_conf.o
                0x08003518                USBD_LL_StallEP
 .text.USBD_LL_ClearStallEP
                0x0800352a       0x12 ./USB_DEVICE/Target/usbd_conf.o
                0x0800352a                USBD_LL_ClearStallEP
 .text.USBD_LL_IsStallEP
                0x0800353c       0x2a ./USB_DEVICE/Target/usbd_conf.o
                0x0800353c                USBD_LL_IsStallEP
 .text.USBD_LL_SetUSBAddress
                0x08003566       0x12 ./USB_DEVICE/Target/usbd_conf.o
                0x08003566                USBD_LL_SetUSBAddress
 .text.USBD_LL_Transmit
                0x08003578       0x12 ./USB_DEVICE/Target/usbd_conf.o
                0x08003578                USBD_LL_Transmit
 .text.USBD_LL_PrepareReceive
                0x0800358a       0x12 ./USB_DEVICE/Target/usbd_conf.o
                0x0800358a                USBD_LL_PrepareReceive
 .text.USBD_static_malloc
                0x0800359c        0x8 ./USB_DEVICE/Target/usbd_conf.o
                0x0800359c                USBD_static_malloc
 .text.USBD_static_free
                0x080035a4        0x2 ./USB_DEVICE/Target/usbd_conf.o
                0x080035a4                USBD_static_free
 .text.memset   0x080035a6       0x10 C:/ST/STM32CubeIDE_1.16.1/STM32CubeIDE/plugins/com.st.stm32cube.ide.mcu.externaltools.gnu-tools-for-stm32.12.3.rel1.win32_1.0.200.202406191623/tools/bin/../lib/gcc/arm-none-eabi/12.3.1/../../../../arm-none-eabi/lib/thumb/v6-m/nofp\libc_nano.a(libc_a-memset.o)
                0x080035a6                memset
 *fill*         0x080035b6        0x2 
 .text.__libc_init_array
                0x080035b8       0x48 C:/ST/STM32CubeIDE_1.16.1/STM32CubeIDE/plugins/com.st.stm32cube.ide.mcu.externaltools.gnu-tools-for-stm32.12.3.rel1.win32_1.0.200.202406191623/tools/bin/../lib/gcc/arm-none-eabi/12.3.1/../../../../arm-none-eabi/lib/thumb/v6-m/nofp\libc_nano.a(libc_a-init.o)
                0x080035b8                __libc_init_array
 *(.glue_7)
 .glue_7        0x08003600        0x0 linker stubs
 *(.glue_7t)
 .glue_7t       0x08003600        0x0 linker stubs
 *(.eh_frame)
 .eh_frame      0x08003600        0x0 C:/ST/STM32CubeIDE_1.16.1/STM32CubeIDE/plugins/com.st.stm32cube.ide.mcu.externaltools.gnu-tools-for-stm32.12.3.rel1.win32_1.0.200.202406191623/tools/bin/../lib/gcc/arm-none-eabi/12.3.1/thumb/v6-m/nofp/crtbegin.o
 *(.init)
 .init          0x08003600        0x4 C:/ST/STM32CubeIDE_1.16.1/STM32CubeIDE/plugins/com.st.stm32cube.ide.mcu.externaltools.gnu-tools-for-stm32.12.3.rel1.win32_1.0.200.202406191623/tools/bin/../lib/gcc/arm-none-eabi/12.3.1/thumb/v6-m/nofp/crti.o
                0x08003600                _init
 .init          0x08003604        0x8 C:/ST/STM32CubeIDE_1.16.1/STM32CubeIDE/plugins/com.st.stm32cube.ide.mcu.externaltools.gnu-tools-for-stm32.12.3.rel1.win32_1.0.200.202406191623/tools/bin/../lib/gcc/arm-none-eabi/12.3.1/thumb/v6-m/nofp/crtn.o
 *(.fini)
 .fini          0x0800360c        0x4 C:/ST/STM32CubeIDE_1.16.1/STM32CubeIDE/plugins/com.st.stm32cube.ide.mcu.externaltools.gnu-tools-for-stm32.12.3.rel1.win32_1.0.200.202406191623/tools/bin/../lib/gcc/arm-none-eabi/12.3.1/thumb/v6-m/nofp/crti.o
                0x0800360c                _fini
 .fini          0x08003610        0x8 C:/ST/STM32CubeIDE_1.16.1/STM32CubeIDE/plugins/com.st.stm32cube.ide.mcu.externaltools.gnu-tools-for-stm32.12.3.rel1.win32_1.0.200.202406191623/tools/bin/../lib/gcc/arm-none-eabi/12.3.1/thumb/v6-m/nofp/crtn.o
                0x08003618                        . = ALIGN (0x4)
                0x08003618                        _etext = .

.vfp11_veneer   0x08003618        0x0
 .vfp11_veneer  0x08003618        0x0 linker stubs

.v4_bx          0x08003618        0x0
 .v4_bx         0x08003618        0x0 linker stubs

.iplt           0x08003618        0x0
 .iplt          0x08003618        0x0 C:/ST/STM32CubeIDE_1.16.1/STM32CubeIDE/plugins/com.st.stm32cube.ide.mcu.externaltools.gnu-tools-for-stm32.12.3.rel1.win32_1.0.200.202406191623/tools/bin/../lib/gcc/arm-none-eabi/12.3.1/thumb/v6-m/nofp/crtbegin.o

.rodata         0x08003618       0x94
                0x08003618                        . = ALIGN (0x4)
 *(.rodata)
 *(.rodata*)
 .rodata.bit_map_4
                0x08003618        0x7 ./Core/Src/main.o
 .rodata.bit_map_3
                0x0800361f        0x8 ./Core/Src/main.o
 .rodata.bit_map_2
                0x08003627        0x8 ./Core/Src/main.o
 .rodata.bit_map_1
                0x0800362f        0x5 ./Core/Src/main.o
 .rodata.bit_map_0
                0x08003634        0x8 ./Core/Src/main.o
 .rodata.AHBPrescTable
                0x0800363c       0x10 ./Core/Src/system_stm32f0xx.o
                0x0800363c                AHBPrescTable
 .rodata.aPredivFactorTable.0
                0x0800364c       0x10 ./Drivers/STM32F0xx_HAL_Driver/Src/stm32f0xx_hal_rcc.o
 .rodata.aPLLMULFactorTable.1
                0x0800365c       0x10 ./Drivers/STM32F0xx_HAL_Driver/Src/stm32f0xx_hal_rcc.o
 .rodata.USBD_FS_ManufacturerStrDescriptor.str1.1
                0x0800366c        0x4 ./USB_DEVICE/App/usbd_desc.o
 .rodata.USBD_FS_ProductStrDescriptor.str1.1
                0x08003670       0x14 ./USB_DEVICE/App/usbd_desc.o
 .rodata.USBD_FS_ConfigStrDescriptor.str1.1
                0x08003684       0x12 ./USB_DEVICE/App/usbd_desc.o
 .rodata.USBD_FS_InterfaceStrDescriptor.str1.1
                0x08003696       0x15 ./USB_DEVICE/App/usbd_desc.o
                0x080036ac                        . = ALIGN (0x4)
 *fill*         0x080036ab        0x1 

.rel.dyn        0x080036ac        0x0
 .rel.iplt      0x080036ac        0x0 C:/ST/STM32CubeIDE_1.16.1/STM32CubeIDE/plugins/com.st.stm32cube.ide.mcu.externaltools.gnu-tools-for-stm32.12.3.rel1.win32_1.0.200.202406191623/tools/bin/../lib/gcc/arm-none-eabi/12.3.1/thumb/v6-m/nofp/crtbegin.o

.ARM.extab      0x080036ac        0x0
                0x080036ac                        . = ALIGN (0x4)
 *(.ARM.extab* .gnu.linkonce.armextab.*)
                0x080036ac                        . = ALIGN (0x4)

.ARM            0x080036ac        0x0
                0x080036ac                        . = ALIGN (0x4)
                0x080036ac                        __exidx_start = .
 *(.ARM.exidx*)
                0x080036ac                        __exidx_end = .
                0x080036ac                        . = ALIGN (0x4)

.preinit_array  0x080036ac        0x0
                0x080036ac                        . = ALIGN (0x4)
                0x080036ac                        PROVIDE (__preinit_array_start = .)
 *(.preinit_array*)
                0x080036ac                        PROVIDE (__preinit_array_end = .)
                0x080036ac                        . = ALIGN (0x4)

.init_array     0x080036ac        0x4
                0x080036ac                        . = ALIGN (0x4)
                0x080036ac                        PROVIDE (__init_array_start = .)
 *(SORT_BY_NAME(.init_array.*))
 *(.init_array*)
 .init_array    0x080036ac        0x4 C:/ST/STM32CubeIDE_1.16.1/STM32CubeIDE/plugins/com.st.stm32cube.ide.mcu.externaltools.gnu-tools-for-stm32.12.3.rel1.win32_1.0.200.202406191623/tools/bin/../lib/gcc/arm-none-eabi/12.3.1/thumb/v6-m/nofp/crtbegin.o
                0x080036b0                        PROVIDE (__init_array_end = .)
                0x080036b0                        . = ALIGN (0x4)

.fini_array     0x080036b0        0x4
                0x080036b0                        . = ALIGN (0x4)
                [!provide]                        PROVIDE (__fini_array_start = .)
 *(SORT_BY_NAME(.fini_array.*))
 *(.fini_array*)
 .fini_array    0x080036b0        0x4 C:/ST/STM32CubeIDE_1.16.1/STM32CubeIDE/plugins/com.st.stm32cube.ide.mcu.externaltools.gnu-tools-for-stm32.12.3.rel1.win32_1.0.200.202406191623/tools/bin/../lib/gcc/arm-none-eabi/12.3.1/thumb/v6-m/nofp/crtbegin.o
                [!provide]                        PROVIDE (__fini_array_end = .)
                0x080036b4                        . = ALIGN (0x4)
                0x080036b4                        _sidata = LOADADDR (.data)

.data           0x20000000      0x16c load address 0x080036b4
                0x20000000                        . = ALIGN (0x4)
                0x20000000                        _sdata = .
 *(.data)
 *(.data*)
 .data.SystemCoreClock
                0x20000000        0x4 ./Core/Src/system_stm32f0xx.o
                0x20000000                SystemCoreClock
 .data.uwTickFreq
                0x20000004        0x1 ./Drivers/STM32F0xx_HAL_Driver/Src/stm32f0xx_hal.o
                0x20000004                uwTickFreq
 *fill*         0x20000005        0x3 
 .data.uwTickPrio
                0x20000008        0x4 ./Drivers/STM32F0xx_HAL_Driver/Src/stm32f0xx_hal.o
                0x20000008                uwTickPrio
 .data.USBD_CUSTOM_HID_DeviceQualifierDesc
                0x2000000c        0xa ./Middlewares/ST/STM32_USB_Device_Library/Class/CustomHID/Src/usbd_customhid.o
 *fill*         0x20000016        0x2 
 .data.USBD_CUSTOM_HID_Desc
                0x20000018        0x9 ./Middlewares/ST/STM32_USB_Device_Library/Class/CustomHID/Src/usbd_customhid.o
 *fill*         0x20000021        0x3 
 .data.USBD_CUSTOM_HID_OtherSpeedCfgDesc
                0x20000024       0x29 ./Middlewares/ST/STM32_USB_Device_Library/Class/CustomHID/Src/usbd_customhid.o
 *fill*         0x2000004d        0x3 
 .data.USBD_CUSTOM_HID_CfgHSDesc
                0x20000050       0x29 ./Middlewares/ST/STM32_USB_Device_Library/Class/CustomHID/Src/usbd_customhid.o
 *fill*         0x20000079        0x3 
 .data.USBD_CUSTOM_HID_CfgFSDesc
                0x2000007c       0x29 ./Middlewares/ST/STM32_USB_Device_Library/Class/CustomHID/Src/usbd_customhid.o
 *fill*         0x200000a5        0x3 
 .data.USBD_CUSTOM_HID
                0x200000a8       0x38 ./Middlewares/ST/STM32_USB_Device_Library/Class/CustomHID/Src/usbd_customhid.o
                0x200000a8                USBD_CUSTOM_HID
 .data.USBD_CustomHID_fops_FS
                0x200000e0       0x10 ./USB_DEVICE/App/usbd_custom_hid_if.o
                0x200000e0                USBD_CustomHID_fops_FS
 .data.CUSTOM_HID_ReportDesc_FS
                0x200000f0       0x2c ./USB_DEVICE/App/usbd_custom_hid_if.o
 .data.USBD_StringSerial
                0x2000011c       0x1a ./USB_DEVICE/App/usbd_desc.o
                0x2000011c                USBD_StringSerial
 *fill*         0x20000136        0x2 
 .data.USBD_LangIDDesc
                0x20000138        0x4 ./USB_DEVICE/App/usbd_desc.o
                0x20000138                USBD_LangIDDesc
 .data.USBD_FS_DeviceDesc
                0x2000013c       0x12 ./USB_DEVICE/App/usbd_desc.o
                0x2000013c                USBD_FS_DeviceDesc
 *fill*         0x2000014e        0x2 
 .data.FS_Desc  0x20000150       0x1c ./USB_DEVICE/App/usbd_desc.o
                0x20000150                FS_Desc
 *(.RamFunc)
 *(.RamFunc*)
                0x2000016c                        . = ALIGN (0x4)
                0x2000016c                        _edata = .

.igot.plt       0x2000016c        0x0 load address 0x08003820
 .igot.plt      0x2000016c        0x0 C:/ST/STM32CubeIDE_1.16.1/STM32CubeIDE/plugins/com.st.stm32cube.ide.mcu.externaltools.gnu-tools-for-stm32.12.3.rel1.win32_1.0.200.202406191623/tools/bin/../lib/gcc/arm-none-eabi/12.3.1/thumb/v6-m/nofp/crtbegin.o
                0x2000016c                        . = ALIGN (0x4)

.bss            0x20000170      0x740 load address 0x08003820
                0x20000170                        _sbss = .
                0x20000170                        __bss_start__ = _sbss
 *(.bss)
 .bss           0x20000170       0x1c C:/ST/STM32CubeIDE_1.16.1/STM32CubeIDE/plugins/com.st.stm32cube.ide.mcu.externaltools.gnu-tools-for-stm32.12.3.rel1.win32_1.0.200.202406191623/tools/bin/../lib/gcc/arm-none-eabi/12.3.1/thumb/v6-m/nofp/crtbegin.o
 *(.bss*)
 .bss.encoder_count
                0x2000018c        0x4 ./Core/Src/main.o
 .bss.stable_value
                0x20000190        0x8 ./Core/Src/main.o
 .bss.adc_data  0x20000198       0x30 ./Core/Src/main.o
                0x20000198                adc_data
 .bss.htim14    0x200001c8       0x48 ./Core/Src/main.o
                0x200001c8                htim14
 .bss.hdma_adc  0x20000210       0x44 ./Core/Src/main.o
                0x20000210                hdma_adc
 .bss.hadc      0x20000254       0x40 ./Core/Src/main.o
                0x20000254                hadc
 .bss.uwTick    0x20000294        0x4 ./Drivers/STM32F0xx_HAL_Driver/Src/stm32f0xx_hal.o
                0x20000294                uwTick
 .bss.cfgidx.0  0x20000298        0x1 ./Middlewares/ST/STM32_USB_Device_Library/Core/Src/usbd_ctlreq.o
 *fill*         0x20000299        0x3 
 .bss.hUsbDeviceFS
                0x2000029c      0x2c4 ./USB_DEVICE/App/usb_device.o
                0x2000029c                hUsbDeviceFS
 .bss.USBD_StrDesc
                0x20000560       0x40 ./USB_DEVICE/App/usbd_desc.o
                0x20000560                USBD_StrDesc
 .bss.mem.0     0x200005a0       0x1c ./USB_DEVICE/Target/usbd_conf.o
 .bss.hpcd_USB_FS
                0x200005bc      0x2f4 ./USB_DEVICE/Target/usbd_conf.o
                0x200005bc                hpcd_USB_FS
 *(COMMON)
                0x200008b0                        . = ALIGN (0x4)
                0x200008b0                        _ebss = .
                0x200008b0                        __bss_end__ = _ebss

._user_heap_stack
                0x200008b0      0x600 load address 0x08003820
                0x200008b0                        . = ALIGN (0x8)
                [!provide]                        PROVIDE (end = .)
                0x200008b0                        PROVIDE (_end = .)
                0x20000ab0                        . = (. + _Min_Heap_Size)
 *fill*         0x200008b0      0x200 
                0x20000eb0                        . = (. + _Min_Stack_Size)
 *fill*         0x20000ab0      0x400 
                0x20000eb0                        . = ALIGN (0x8)

/DISCARD/
 libc.a(*)
 libm.a(*)
 libgcc.a(*)

.ARM.attributes
                0x00000000       0x28
 *(.ARM.attributes)
 .ARM.attributes
                0x00000000       0x1e C:/ST/STM32CubeIDE_1.16.1/STM32CubeIDE/plugins/com.st.stm32cube.ide.mcu.externaltools.gnu-tools-for-stm32.12.3.rel1.win32_1.0.200.202406191623/tools/bin/../lib/gcc/arm-none-eabi/12.3.1/thumb/v6-m/nofp/crti.o
 .ARM.attributes
                0x0000001e       0x2c C:/ST/STM32CubeIDE_1.16.1/STM32CubeIDE/plugins/com.st.stm32cube.ide.mcu.externaltools.gnu-tools-for-stm32.12.3.rel1.win32_1.0.200.202406191623/tools/bin/../lib/gcc/arm-none-eabi/12.3.1/thumb/v6-m/nofp/crtbegin.o
 .ARM.attributes
                0x0000004a       0x2c ./Core/Src/main.o
 .ARM.attributes
                0x00000076       0x2c ./Core/Src/stm32f0xx_hal_msp.o
 .ARM.attributes
                0x000000a2       0x2c ./Core/Src/stm32f0xx_it.o
 .ARM.attributes
                0x000000ce       0x2c ./Core/Src/system_stm32f0xx.o
 .ARM.attributes
                0x000000fa       0x21 ./Core/Startup/startup_stm32f042f4px.o
 .ARM.attributes
                0x0000011b       0x2c ./Drivers/STM32F0xx_HAL_Driver/Src/stm32f0xx_hal.o
 .ARM.attributes
                0x00000147       0x2c ./Drivers/STM32F0xx_HAL_Driver/Src/stm32f0xx_hal_adc.o
 .ARM.attributes
                0x00000173       0x2c ./Drivers/STM32F0xx_HAL_Driver/Src/stm32f0xx_hal_cortex.o
 .ARM.attributes
                0x0000019f       0x2c ./Drivers/STM32F0xx_HAL_Driver/Src/stm32f0xx_hal_dma.o
 .ARM.attributes
                0x000001cb       0x2c ./Drivers/STM32F0xx_HAL_Driver/Src/stm32f0xx_hal_gpio.o
 .ARM.attributes
                0x000001f7       0x2c ./Drivers/STM32F0xx_HAL_Driver/Src/stm32f0xx_hal_pcd.o
 .ARM.attributes
                0x00000223       0x2c ./Drivers/STM32F0xx_HAL_Driver/Src/stm32f0xx_hal_pcd_ex.o
 .ARM.attributes
                0x0000024f       0x2c ./Drivers/STM32F0xx_HAL_Driver/Src/stm32f0xx_hal_rcc.o
 .ARM.attributes
                0x0000027b       0x2c ./Drivers/STM32F0xx_HAL_Driver/Src/stm32f0xx_hal_rcc_ex.o
 .ARM.attributes
                0x000002a7       0x2c ./Drivers/STM32F0xx_HAL_Driver/Src/stm32f0xx_hal_tim.o
 .ARM.attributes
                0x000002d3       0x2c ./Drivers/STM32F0xx_HAL_Driver/Src/stm32f0xx_ll_usb.o
 .ARM.attributes
                0x000002ff       0x2c ./Middlewares/ST/STM32_USB_Device_Library/Class/CustomHID/Src/usbd_customhid.o
 .ARM.attributes
                0x0000032b       0x2c ./Middlewares/ST/STM32_USB_Device_Library/Core/Src/usbd_core.o
 .ARM.attributes
                0x00000357       0x2c ./Middlewares/ST/STM32_USB_Device_Library/Core/Src/usbd_ctlreq.o
 .ARM.attributes
                0x00000383       0x2c ./Middlewares/ST/STM32_USB_Device_Library/Core/Src/usbd_ioreq.o
 .ARM.attributes
                0x000003af       0x2c ./USB_DEVICE/App/usb_device.o
 .ARM.attributes
                0x000003db       0x2c ./USB_DEVICE/App/usbd_custom_hid_if.o
 .ARM.attributes
                0x00000407       0x2c ./USB_DEVICE/App/usbd_desc.o
 .ARM.attributes
                0x00000433       0x2c ./USB_DEVICE/Target/usbd_conf.o
 .ARM.attributes
                0x0000045f       0x2c C:/ST/STM32CubeIDE_1.16.1/STM32CubeIDE/plugins/com.st.stm32cube.ide.mcu.externaltools.gnu-tools-for-stm32.12.3.rel1.win32_1.0.200.202406191623/tools/bin/../lib/gcc/arm-none-eabi/12.3.1/../../../../arm-none-eabi/lib/thumb/v6-m/nofp\libc_nano.a(libc_a-memset.o)
 .ARM.attributes
                0x0000048b       0x2c C:/ST/STM32CubeIDE_1.16.1/STM32CubeIDE/plugins/com.st.stm32cube.ide.mcu.externaltools.gnu-tools-for-stm32.12.3.rel1.win32_1.0.200.202406191623/tools/bin/../lib/gcc/arm-none-eabi/12.3.1/../../../../arm-none-eabi/lib/thumb/v6-m/nofp\libc_nano.a(libc_a-init.o)
 .ARM.attributes
                0x000004b7       0x1c C:/ST/STM32CubeIDE_1.16.1/STM32CubeIDE/plugins/com.st.stm32cube.ide.mcu.externaltools.gnu-tools-for-stm32.12.3.rel1.win32_1.0.200.202406191623/tools/bin/../lib/gcc/arm-none-eabi/12.3.1/../../../../arm-none-eabi/lib/thumb/v6-m/nofp\libc_nano.a(libc_a-strlen.o)
 .ARM.attributes
                0x000004d3       0x1e C:/ST/STM32CubeIDE_1.16.1/STM32CubeIDE/plugins/com.st.stm32cube.ide.mcu.externaltools.gnu-tools-for-stm32.12.3.rel1.win32_1.0.200.202406191623/tools/bin/../lib/gcc/arm-none-eabi/12.3.1/thumb/v6-m/nofp\libgcc.a(_thumb1_case_uqi.o)
 .ARM.attributes
                0x000004f1       0x1e C:/ST/STM32CubeIDE_1.16.1/STM32CubeIDE/plugins/com.st.stm32cube.ide.mcu.externaltools.gnu-tools-for-stm32.12.3.rel1.win32_1.0.200.202406191623/tools/bin/../lib/gcc/arm-none-eabi/12.3.1/thumb/v6-m/nofp\libgcc.a(_thumb1_case_uhi.o)
 .ARM.attributes
                0x0000050f       0x1e C:/ST/STM32CubeIDE_1.16.1/STM32CubeIDE/plugins/com.st.stm32cube.ide.mcu.externaltools.gnu-tools-for-stm32.12.3.rel1.win32_1.0.200.202406191623/tools/bin/../lib/gcc/arm-none-eabi/12.3.1/thumb/v6-m/nofp\libgcc.a(_udivsi3.o)
 .ARM.attributes
                0x0000052d       0x1e C:/ST/STM32CubeIDE_1.16.1/STM32CubeIDE/plugins/com.st.stm32cube.ide.mcu.externaltools.gnu-tools-for-stm32.12.3.rel1.win32_1.0.200.202406191623/tools/bin/../lib/gcc/arm-none-eabi/12.3.1/thumb/v6-m/nofp\libgcc.a(_divsi3.o)
 .ARM.attributes
                0x0000054b       0x1e C:/ST/STM32CubeIDE_1.16.1/STM32CubeIDE/plugins/com.st.stm32cube.ide.mcu.externaltools.gnu-tools-for-stm32.12.3.rel1.win32_1.0.200.202406191623/tools/bin/../lib/gcc/arm-none-eabi/12.3.1/thumb/v6-m/nofp\libgcc.a(_dvmd_tls.o)
 .ARM.attributes
                0x00000569       0x1e C:/ST/STM32CubeIDE_1.16.1/STM32CubeIDE/plugins/com.st.stm32cube.ide.mcu.externaltools.gnu-tools-for-stm32.12.3.rel1.win32_1.0.200.202406191623/tools/bin/../lib/gcc/arm-none-eabi/12.3.1/thumb/v6-m/nofp\libgcc.a(_lshrdi3.o)
 .ARM.attributes
                0x00000587       0x1e C:/ST/STM32CubeIDE_1.16.1/STM32CubeIDE/plugins/com.st.stm32cube.ide.mcu.externaltools.gnu-tools-for-stm32.12.3.rel1.win32_1.0.200.202406191623/tools/bin/../lib/gcc/arm-none-eabi/12.3.1/thumb/v6-m/nofp\libgcc.a(_ashldi3.o)
 .ARM.attributes
                0x000005a5       0x1e C:/ST/STM32CubeIDE_1.16.1/STM32CubeIDE/plugins/com.st.stm32cube.ide.mcu.externaltools.gnu-tools-for-stm32.12.3.rel1.win32_1.0.200.202406191623/tools/bin/../lib/gcc/arm-none-eabi/12.3.1/thumb/v6-m/nofp/crtn.o
OUTPUT(USB_Joystick.elf elf32-littlearm)
LOAD linker stubs
LOAD C:/ST/STM32CubeIDE_1.16.1/STM32CubeIDE/plugins/com.st.stm32cube.ide.mcu.externaltools.gnu-tools-for-stm32.12.3.rel1.win32_1.0.200.202406191623/tools/bin/../lib/gcc/arm-none-eabi/12.3.1/../../../../arm-none-eabi/lib/thumb/v6-m/nofp\libc.a
LOAD C:/ST/STM32CubeIDE_1.16.1/STM32CubeIDE/plugins/com.st.stm32cube.ide.mcu.externaltools.gnu-tools-for-stm32.12.3.rel1.win32_1.0.200.202406191623/tools/bin/../lib/gcc/arm-none-eabi/12.3.1/../../../../arm-none-eabi/lib/thumb/v6-m/nofp\libm.a
LOAD C:/ST/STM32CubeIDE_1.16.1/STM32CubeIDE/plugins/com.st.stm32cube.ide.mcu.externaltools.gnu-tools-for-stm32.12.3.rel1.win32_1.0.200.202406191623/tools/bin/../lib/gcc/arm-none-eabi/12.3.1/thumb/v6-m/nofp\libgcc.a

.comment        0x00000000       0x43
 .comment       0x00000000       0x43 ./Core/Src/main.o
                                 0x44 (size before relaxing)
 .comment       0x00000043       0x44 ./Core/Src/stm32f0xx_hal_msp.o
 .comment       0x00000043       0x44 ./Core/Src/stm32f0xx_it.o
 .comment       0x00000043       0x44 ./Core/Src/system_stm32f0xx.o
 .comment       0x00000043       0x44 ./Drivers/STM32F0xx_HAL_Driver/Src/stm32f0xx_hal.o
 .comment       0x00000043       0x44 ./Drivers/STM32F0xx_HAL_Driver/Src/stm32f0xx_hal_adc.o
 .comment       0x00000043       0x44 ./Drivers/STM32F0xx_HAL_Driver/Src/stm32f0xx_hal_cortex.o
 .comment       0x00000043       0x44 ./Drivers/STM32F0xx_HAL_Driver/Src/stm32f0xx_hal_dma.o
 .comment       0x00000043       0x44 ./Drivers/STM32F0xx_HAL_Driver/Src/stm32f0xx_hal_gpio.o
 .comment       0x00000043       0x44 ./Drivers/STM32F0xx_HAL_Driver/Src/stm32f0xx_hal_pcd.o
 .comment       0x00000043       0x44 ./Drivers/STM32F0xx_HAL_Driver/Src/stm32f0xx_hal_pcd_ex.o
 .comment       0x00000043       0x44 ./Drivers/STM32F0xx_HAL_Driver/Src/stm32f0xx_hal_rcc.o
 .comment       0x00000043       0x44 ./Drivers/STM32F0xx_HAL_Driver/Src/stm32f0xx_hal_rcc_ex.o
 .comment       0x00000043       0x44 ./Drivers/STM32F0xx_HAL_Driver/Src/stm32f0xx_hal_tim.o
 .comment       0x00000043       0x44 ./Drivers/STM32F0xx_HAL_Driver/Src/stm32f0xx_ll_usb.o
 .comment       0x00000043       0x44 ./Middlewares/ST/STM32_USB_Device_Library/Class/CustomHID/Src/usbd_customhid.o
 .comment       0x00000043       0x44 ./Middlewares/ST/STM32_USB_Device_Library/Core/Src/usbd_core.o
 .comment       0x00000043       0x44 ./Middlewares/ST/STM32_USB_Device_Library/Core/Src/usbd_ctlreq.o
 .comment       0x00000043       0x44 ./Middlewares/ST/STM32_USB_Device_Library/Core/Src/usbd_ioreq.o
 .comment       0x00000043       0x44 ./USB_DEVICE/App/usb_device.o
 .comment       0x00000043       0x44 ./USB_DEVICE/App/usbd_custom_hid_if.o
 .comment       0x00000043       0x44 ./USB_DEVICE/App/usbd_desc.o
 .comment       0x00000043       0x44 ./USB_DEVICE/Target/usbd_conf.o

.debug_frame    0x00000000       0x8c
 .debug_frame   0x00000000       0x20 C:/ST/STM32CubeIDE_1.16.1/STM32CubeIDE/plugins/com.st.stm32cube.ide.mcu.externaltools.gnu-tools-for-stm32.12.3.rel1.win32_1.0.200.202406191623/tools/bin/../lib/gcc/arm-none-eabi/12.3.1/../../../../arm-none-eabi/lib/thumb/v6-m/nofp\libc_nano.a(libc_a-memset.o)
 .debug_frame   0x00000020       0x2c C:/ST/STM32CubeIDE_1.16.1/STM32CubeIDE/plugins/com.st.stm32cube.ide.mcu.externaltools.gnu-tools-for-stm32.12.3.rel1.win32_1.0.200.202406191623/tools/bin/../lib/gcc/arm-none-eabi/12.3.1/../../../../arm-none-eabi/lib/thumb/v6-m/nofp\libc_nano.a(libc_a-init.o)
 .debug_frame   0x0000004c       0x20 C:/ST/STM32CubeIDE_1.16.1/STM32CubeIDE/plugins/com.st.stm32cube.ide.mcu.externaltools.gnu-tools-for-stm32.12.3.rel1.win32_1.0.200.202406191623/tools/bin/../lib/gcc/arm-none-eabi/12.3.1/thumb/v6-m/nofp\libgcc.a(_udivsi3.o)
 .debug_frame   0x0000006c       0x20 C:/ST/STM32CubeIDE_1.16.1/STM32CubeIDE/plugins/com.st.stm32cube.ide.mcu.externaltools.gnu-tools-for-stm32.12.3.rel1.win32_1.0.200.202406191623/tools/bin/../lib/gcc/arm-none-eabi/12.3.1/thumb/v6-m/nofp\libgcc.a(_divsi3.o)
